// Jest Snapshot v1, https://goo.gl/fbAQLP

exports[`Game renders expected HTML structure 1`] = `undefined`;
