// Jest Snapshot v1, https://goo.gl/fbAQLP

exports[`Games renders expected HTML 1`] = `undefined`;
